Steam: total_count~31298, pagesize=10, ondas de ate 300 itens, pausa 45.0s entre ondas, 1.0s entre pedidos na mesma onda.
  Onda 1: +300 linhas (acum. ~300), proximo start=300
  Onda 2: +300 linhas (acum. ~600), proximo start=600
  Onda 3: +300 linhas (acum. ~900), proximo start=900
Steam 429 (rate limit), espera 75s tentativa 1/12 start=1000
  Onda 4: +300 linhas (acum. ~1200), proximo start=1200
  Onda 5: +300 linhas (acum. ~1500), proximo start=1500
  Onda 6: +300 linhas (acum. ~1800), proximo start=1800
Steam 429 (rate limit), espera 75s tentativa 1/12 start=1900
  Onda 7: +300 linhas (acum. ~2100), proximo start=2100
  Onda 8: +300 linhas (acum. ~2400), proximo start=2400
  Onda 9: +300 linhas (acum. ~2700), proximo start=2700
Steam 429 (rate limit), espera 75s tentativa 1/12 start=2900
  Onda 10: +300 linhas (acum. ~3000), proximo start=3000
  Onda 11: +300 linhas (acum. ~3300), proximo start=3300
  Onda 12: +300 linhas (acum. ~3600), proximo start=3600
  Onda 13: +300 linhas (acum. ~3900), proximo start=3900
  Onda 14: +300 linhas (acum. ~4200), proximo start=4200
  Onda 15: +300 linhas (acum. ~4500), proximo start=4500
  Onda 16: +300 linhas (acum. ~4800), proximo start=4800
Steam 429 (rate limit), espera 75s tentativa 1/12 start=4900
  Onda 17: +300 linhas (acum. ~5100), proximo start=5100
  Onda 18: +300 linhas (acum. ~5400), proximo start=5400
  Onda 19: +300 linhas (acum. ~5700), proximo start=5700
Steam 429 (rate limit), espera 75s tentativa 1/12 start=5900
  Onda 20: +300 linhas (acum. ~6000), proximo start=6000
  Onda 21: +300 linhas (acum. ~6300), proximo start=6300
  Onda 22: +300 linhas (acum. ~6600), proximo start=6600
  Onda 23: +300 linhas (acum. ~6900), proximo start=6900
  Onda 24: +300 linhas (acum. ~7200), proximo start=7200
  Onda 25: +300 linhas (acum. ~7500), proximo start=7500
  Onda 26: +300 linhas (acum. ~7800), proximo start=7800
Steam 429 (rate limit), espera 75s tentativa 1/12 start=7900
  Onda 27: +300 linhas (acum. ~8100), proximo start=8100
  Onda 28: +300 linhas (acum. ~8400), proximo start=8400
  Onda 29: +300 linhas (acum. ~8700), proximo start=8700
Steam 429 (rate limit), espera 75s tentativa 1/12 start=8900
  Onda 30: +300 linhas (acum. ~9000), proximo start=9000
  Onda 31: +300 linhas (acum. ~9300), proximo start=9300
  Onda 32: +300 linhas (acum. ~9600), proximo start=9600
  Onda 33: +300 linhas (acum. ~9900), proximo start=9900
  Onda 34: +300 linhas (acum. ~10200), proximo start=10200
  Onda 35: +300 linhas (acum. ~10500), proximo start=10500
  Onda 36: +300 linhas (acum. ~10800), proximo start=10800
Steam 429 (rate limit), espera 75s tentativa 1/12 start=10900
  Onda 37: +300 linhas (acum. ~11100), proximo start=11100
  Onda 38: +300 linhas (acum. ~11400), proximo start=11400
  Onda 39: +300 linhas (acum. ~11700), proximo start=11700
Steam 429 (rate limit), espera 75s tentativa 1/12 start=11900
  Onda 40: +300 linhas (acum. ~12000), proximo start=12000
  Onda 41: +300 linhas (acum. ~12300), proximo start=12300
  Onda 42: +300 linhas (acum. ~12600), proximo start=12600
  Onda 43: +300 linhas (acum. ~12900), proximo start=12900
  Onda 44: +300 linhas (acum. ~13200), proximo start=13200
  Onda 45: +300 linhas (acum. ~13500), proximo start=13500
  Onda 46: +300 linhas (acum. ~13800), proximo start=13800
Steam 429 (rate limit), espera 75s tentativa 1/12 start=13900
  Onda 47: +300 linhas (acum. ~14100), proximo start=14100
  Onda 48: +300 linhas (acum. ~14400), proximo start=14400
  Onda 49: +300 linhas (acum. ~14700), proximo start=14700
Steam 429 (rate limit), espera 75s tentativa 1/12 start=14900
  Onda 50: +300 linhas (acum. ~15000), proximo start=15000
  Onda 51: +300 linhas (acum. ~15300), proximo start=15300
  Onda 52: +300 linhas (acum. ~15600), proximo start=15600
  Onda 53: +300 linhas (acum. ~15900), proximo start=15900
  Onda 54: +300 linhas (acum. ~16200), proximo start=16200
  Onda 55: +300 linhas (acum. ~16500), proximo start=16500
  Onda 56: +300 linhas (acum. ~16800), proximo start=16800
Steam 429 (rate limit), espera 75s tentativa 1/12 start=16900
  Onda 57: +300 linhas (acum. ~17100), proximo start=17100
  Onda 58: +300 linhas (acum. ~17400), proximo start=17400
  Onda 59: +300 linhas (acum. ~17700), proximo start=17700
Steam 429 (rate limit), espera 75s tentativa 1/12 start=17900
  Onda 60: +300 linhas (acum. ~18000), proximo start=18000
  Onda 61: +300 linhas (acum. ~18300), proximo start=18300
  Onda 62: +300 linhas (acum. ~18600), proximo start=18600
  Onda 63: +300 linhas (acum. ~18900), proximo start=18900
  Onda 64: +300 linhas (acum. ~19200), proximo start=19200
  Onda 65: +300 linhas (acum. ~19500), proximo start=19500
  Onda 66: +300 linhas (acum. ~19800), proximo start=19800
Steam 429 (rate limit), espera 75s tentativa 1/12 start=19900
  Onda 67: +300 linhas (acum. ~20100), proximo start=20100
Fim do catalogo (pagina vazia em start=20280).
  Onda 68: +180 linhas (acum. ~20280), proximo start=20280
Sincronizacao concluida. Linhas gravadas nesta execucao: 20280.
