Steam: total_count~31330, pagesize=10, start=22030, ondas de ate 300 itens, pausa 0.0s entre ondas, 15.0s entre pedidos na mesma onda.
  Onda 1: +300 linhas (acum. ~300), proximo start=22330
  Onda 2: +300 linhas (acum. ~600), proximo start=22630
  Onda 3: +300 linhas (acum. ~900), proximo start=22930
  Onda 4: +300 linhas (acum. ~1200), proximo start=23230
  Onda 5: +300 linhas (acum. ~1500), proximo start=23530
  Onda 6: +300 linhas (acum. ~1800), proximo start=23830
  Onda 7: +300 linhas (acum. ~2100), proximo start=24130
  Onda 8: +300 linhas (acum. ~2400), proximo start=24430
  Onda 9: +300 linhas (acum. ~2700), proximo start=24730
  Onda 10: +300 linhas (acum. ~3000), proximo start=25030
  Onda 11: +300 linhas (acum. ~3300), proximo start=25330
  Onda 12: +300 linhas (acum. ~3600), proximo start=25630
  Onda 13: +300 linhas (acum. ~3900), proximo start=25930
  Onda 14: +300 linhas (acum. ~4200), proximo start=26230
  Onda 15: +300 linhas (acum. ~4500), proximo start=26530
  Onda 16: +300 linhas (acum. ~4800), proximo start=26830
  Onda 17: +300 linhas (acum. ~5100), proximo start=27130
  Onda 18: +300 linhas (acum. ~5400), proximo start=27430
  Onda 19: +300 linhas (acum. ~5700), proximo start=27730
  Onda 20: +300 linhas (acum. ~6000), proximo start=28030
  Onda 21: +300 linhas (acum. ~6300), proximo start=28330
  Onda 22: +300 linhas (acum. ~6600), proximo start=28630
  Onda 23: +300 linhas (acum. ~6900), proximo start=28930
  Onda 24: +300 linhas (acum. ~7200), proximo start=29230
  Onda 25: +300 linhas (acum. ~7500), proximo start=29530
  Onda 26: +300 linhas (acum. ~7800), proximo start=29830
  Onda 27: +300 linhas (acum. ~8100), proximo start=30130
  Onda 28: +300 linhas (acum. ~8400), proximo start=30430
  Onda 29: +300 linhas (acum. ~8700), proximo start=30730
  Onda 30: +300 linhas (acum. ~9000), proximo start=31030
Pagina vazia em start=31330 (tentativa 1/6), espera 60s
Pagina vazia em start=31330 (tentativa 2/6), espera 120s
Pagina vazia em start=31330 (tentativa 3/6), espera 180s
Pagina vazia em start=31330 (tentativa 4/6), espera 240s
Pagina vazia em start=31330 (tentativa 5/6), espera 300s
Pagina vazia em start=31330 (tentativa 6/6), espera 300s
Fim do catalogo (pagina vazia em start=31330).
  Onda 31: +299 linhas (acum. ~9299), proximo start=31330
Sincronizacao concluida. Linhas gravadas nesta execucao: 9299.
