Steam: total_count~31318, pagesize=10, ondas de ate 300 itens, pausa 45.0s entre ondas, 1.0s entre pedidos na mesma onda.
  Onda 1: +300 linhas (acum. ~300), proximo start=20580
  Onda 2: +300 linhas (acum. ~600), proximo start=20880
  Onda 3: +300 linhas (acum. ~900), proximo start=21180
Steam 429 (rate limit), espera 75s tentativa 1/12 start=21270
  Onda 4: +300 linhas (acum. ~1200), proximo start=21480
  Onda 5: +300 linhas (acum. ~1500), proximo start=21780
  Onda 6: +300 linhas (acum. ~1800), proximo start=22080
Steam 429 (rate limit), espera 75s tentativa 1/12 start=22270
  Onda 7: +300 linhas (acum. ~2100), proximo start=22380
  Onda 8: +300 linhas (acum. ~2400), proximo start=22680
  Onda 9: +300 linhas (acum. ~2700), proximo start=22980
Steam 429 (rate limit), espera 75s tentativa 1/12 start=23270
  Onda 10: +300 linhas (acum. ~3000), proximo start=23280
  Onda 11: +300 linhas (acum. ~3300), proximo start=23580
  Onda 12: +300 linhas (acum. ~3600), proximo start=23880
  Onda 13: +300 linhas (acum. ~3900), proximo start=24180
  Onda 14: +300 linhas (acum. ~4200), proximo start=24480
  Onda 15: +300 linhas (acum. ~4500), proximo start=24780
  Onda 16: +300 linhas (acum. ~4800), proximo start=25080
Steam 429 (rate limit), espera 75s tentativa 1/12 start=25180
  Onda 17: +300 linhas (acum. ~5100), proximo start=25380
  Onda 18: +300 linhas (acum. ~5400), proximo start=25680
  Onda 19: +300 linhas (acum. ~5700), proximo start=25980
Steam 429 (rate limit), espera 75s tentativa 1/12 start=26180
  Onda 20: +300 linhas (acum. ~6000), proximo start=26280
  Onda 21: +300 linhas (acum. ~6300), proximo start=26580
  Onda 22: +300 linhas (acum. ~6600), proximo start=26880
  Onda 23: +300 linhas (acum. ~6900), proximo start=27180
  Onda 24: +300 linhas (acum. ~7200), proximo start=27480
  Onda 25: +300 linhas (acum. ~7500), proximo start=27780
  Onda 26: +300 linhas (acum. ~7800), proximo start=28080
Steam 429 (rate limit), espera 75s tentativa 1/12 start=28180
  Onda 27: +300 linhas (acum. ~8100), proximo start=28380
  Onda 28: +300 linhas (acum. ~8400), proximo start=28680
  Onda 29: +300 linhas (acum. ~8700), proximo start=28980
Steam 429 (rate limit), espera 75s tentativa 1/12 start=29180
  Onda 30: +300 linhas (acum. ~9000), proximo start=29280
  Onda 31: +300 linhas (acum. ~9300), proximo start=29580
  Onda 32: +300 linhas (acum. ~9600), proximo start=29880
  Onda 33: +300 linhas (acum. ~9900), proximo start=30180
  Onda 34: +300 linhas (acum. ~10200), proximo start=30480
  Onda 35: +300 linhas (acum. ~10500), proximo start=30780
  Onda 36: +300 linhas (acum. ~10800), proximo start=31080
Steam 429 (rate limit), espera 75s tentativa 1/12 start=31180
Pagina vazia em start=31330 (tentativa 1/6), espera 60s
Pagina vazia em start=31330 (tentativa 2/6), espera 120s
Pagina vazia em start=31330 (tentativa 3/6), espera 180s
Pagina vazia em start=31330 (tentativa 4/6), espera 240s
Pagina vazia em start=31330 (tentativa 5/6), espera 300s
Pagina vazia em start=31330 (tentativa 6/6), espera 300s
Fim do catalogo (pagina vazia em start=31330).
  Onda 37: +243 linhas (acum. ~11043), proximo start=31330
Sincronizacao concluida. Linhas gravadas nesta execucao: 11043.
